------------------------------------------------------------
Timing Analyzer Summary
------------------------------------------------------------

Type  : Slow 1200mV 85C Model Setup 'divisor:inst4|fft'
Slack : -9.485
TNS   : -45.194

Type  : Slow 1200mV 85C Model Setup 'Clock_Placa'
Slack : -8.392
TNS   : -235.292

Type  : Slow 1200mV 85C Model Setup 'button3'
Slack : -6.707
TNS   : -25.170

Type  : Slow 1200mV 85C Model Setup 'button4'
Slack : -6.214
TNS   : -23.198

Type  : Slow 1200mV 85C Model Hold 'button4'
Slack : -0.078
TNS   : -0.232

Type  : Slow 1200mV 85C Model Hold 'button3'
Slack : 0.396
TNS   : 0.000

Type  : Slow 1200mV 85C Model Hold 'Clock_Placa'
Slack : 0.434
TNS   : 0.000

Type  : Slow 1200mV 85C Model Hold 'divisor:inst4|fft'
Slack : 0.485
TNS   : 0.000

Type  : Slow 1200mV 85C Model Minimum Pulse Width 'Clock_Placa'
Slack : -3.000
TNS   : -93.707

Type  : Slow 1200mV 85C Model Minimum Pulse Width 'button3'
Slack : -3.000
TNS   : -10.435

Type  : Slow 1200mV 85C Model Minimum Pulse Width 'button4'
Slack : -3.000
TNS   : -10.435

Type  : Slow 1200mV 85C Model Minimum Pulse Width 'divisor:inst4|fft'
Slack : -1.487
TNS   : -8.922

Type  : Slow 1200mV 0C Model Setup 'divisor:inst4|fft'
Slack : -8.663
TNS   : -41.412

Type  : Slow 1200mV 0C Model Setup 'Clock_Placa'
Slack : -7.832
TNS   : -215.548

Type  : Slow 1200mV 0C Model Setup 'button3'
Slack : -6.288
TNS   : -23.306

Type  : Slow 1200mV 0C Model Setup 'button4'
Slack : -5.855
TNS   : -21.638

Type  : Slow 1200mV 0C Model Hold 'button4'
Slack : -0.082
TNS   : -0.319

Type  : Slow 1200mV 0C Model Hold 'button3'
Slack : 0.181
TNS   : 0.000

Type  : Slow 1200mV 0C Model Hold 'Clock_Placa'
Slack : 0.383
TNS   : 0.000

Type  : Slow 1200mV 0C Model Hold 'divisor:inst4|fft'
Slack : 0.430
TNS   : 0.000

Type  : Slow 1200mV 0C Model Minimum Pulse Width 'Clock_Placa'
Slack : -3.000
TNS   : -93.707

Type  : Slow 1200mV 0C Model Minimum Pulse Width 'button3'
Slack : -3.000
TNS   : -10.435

Type  : Slow 1200mV 0C Model Minimum Pulse Width 'button4'
Slack : -3.000
TNS   : -10.435

Type  : Slow 1200mV 0C Model Minimum Pulse Width 'divisor:inst4|fft'
Slack : -1.487
TNS   : -8.922

Type  : Fast 1200mV 0C Model Setup 'divisor:inst4|fft'
Slack : -3.750
TNS   : -18.390

Type  : Fast 1200mV 0C Model Setup 'Clock_Placa'
Slack : -3.251
TNS   : -65.862

Type  : Fast 1200mV 0C Model Setup 'button3'
Slack : -2.565
TNS   : -9.787

Type  : Fast 1200mV 0C Model Setup 'button4'
Slack : -2.499
TNS   : -9.523

Type  : Fast 1200mV 0C Model Hold 'button4'
Slack : -0.057
TNS   : -0.222

Type  : Fast 1200mV 0C Model Hold 'button3'
Slack : 0.052
TNS   : 0.000

Type  : Fast 1200mV 0C Model Hold 'Clock_Placa'
Slack : 0.179
TNS   : 0.000

Type  : Fast 1200mV 0C Model Hold 'divisor:inst4|fft'
Slack : 0.201
TNS   : 0.000

Type  : Fast 1200mV 0C Model Minimum Pulse Width 'Clock_Placa'
Slack : -3.000
TNS   : -67.927

Type  : Fast 1200mV 0C Model Minimum Pulse Width 'button3'
Slack : -3.000
TNS   : -8.431

Type  : Fast 1200mV 0C Model Minimum Pulse Width 'button4'
Slack : -3.000
TNS   : -8.408

Type  : Fast 1200mV 0C Model Minimum Pulse Width 'divisor:inst4|fft'
Slack : -1.000
TNS   : -6.000

------------------------------------------------------------
