------------------------------------------------------------
Timing Analyzer Summary
------------------------------------------------------------

Type  : Slow 1200mV 85C Model Setup 'CLOCK_PLACA'
Slack : -4.604
TNS   : -89.413

Type  : Slow 1200mV 85C Model Setup 'divisor:inst1|fft'
Slack : -0.857
TNS   : -1.320

Type  : Slow 1200mV 85C Model Hold 'CLOCK_PLACA'
Slack : 0.464
TNS   : 0.000

Type  : Slow 1200mV 85C Model Hold 'divisor:inst1|fft'
Slack : 0.465
TNS   : 0.000

Type  : Slow 1200mV 85C Model Minimum Pulse Width 'CLOCK_PLACA'
Slack : -3.000
TNS   : -41.662

Type  : Slow 1200mV 85C Model Minimum Pulse Width 'divisor:inst1|fft'
Slack : -1.487
TNS   : -2.974

Type  : Slow 1200mV 0C Model Setup 'CLOCK_PLACA'
Slack : -4.275
TNS   : -81.911

Type  : Slow 1200mV 0C Model Setup 'divisor:inst1|fft'
Slack : -0.696
TNS   : -1.019

Type  : Slow 1200mV 0C Model Hold 'CLOCK_PLACA'
Slack : 0.416
TNS   : 0.000

Type  : Slow 1200mV 0C Model Hold 'divisor:inst1|fft'
Slack : 0.417
TNS   : 0.000

Type  : Slow 1200mV 0C Model Minimum Pulse Width 'CLOCK_PLACA'
Slack : -3.000
TNS   : -41.662

Type  : Slow 1200mV 0C Model Minimum Pulse Width 'divisor:inst1|fft'
Slack : -1.487
TNS   : -2.974

Type  : Fast 1200mV 0C Model Setup 'CLOCK_PLACA'
Slack : -1.385
TNS   : -21.999

Type  : Fast 1200mV 0C Model Setup 'divisor:inst1|fft'
Slack : 0.191
TNS   : 0.000

Type  : Fast 1200mV 0C Model Hold 'CLOCK_PLACA'
Slack : 0.194
TNS   : 0.000

Type  : Fast 1200mV 0C Model Hold 'divisor:inst1|fft'
Slack : 0.194
TNS   : 0.000

Type  : Fast 1200mV 0C Model Minimum Pulse Width 'CLOCK_PLACA'
Slack : -3.000
TNS   : -30.650

Type  : Fast 1200mV 0C Model Minimum Pulse Width 'divisor:inst1|fft'
Slack : -1.000
TNS   : -2.000

------------------------------------------------------------
