Analysis & Synthesis report for Projeto1
Mon Mar 15 18:09:01 2021
Quartus Prime Version 20.1.1 Build 720 11/11/2020 SJ Lite Edition


---------------------
; Table of Contents ;
---------------------
  1. Legal Notice
  2. Analysis & Synthesis Summary
  3. Analysis & Synthesis Settings
  4. Parallel Compilation
  5. Analysis & Synthesis Source Files Read
  6. Analysis & Synthesis Resource Usage Summary
  7. Analysis & Synthesis Resource Utilization by Entity
  8. Logic Cells Representing Combinational Loops
  9. General Register Statistics
 10. Post-Synthesis Netlist Statistics for Top Partition
 11. Elapsed Time Per Partition
 12. Analysis & Synthesis Messages



----------------
; Legal Notice ;
----------------
Copyright (C) 2020  Intel Corporation. All rights reserved.
Your use of Intel Corporation's design tools, logic functions 
and other software and tools, and any partner logic 
functions, and any output files from any of the foregoing 
(including device programming or simulation files), and any 
associated documentation or information are expressly subject 
to the terms and conditions of the Intel Program License 
Subscription Agreement, the Intel Quartus Prime License Agreement,
the Intel FPGA IP License Agreement, or other applicable license
agreement, including, without limitation, that your use is for
the sole purpose of programming logic devices manufactured by
Intel and sold by Intel or its authorized distributors.  Please
refer to the applicable agreement for further details, at
https://fpgasoftware.intel.com/eula.



+----------------------------------------------------------------------------------+
; Analysis & Synthesis Summary                                                     ;
+------------------------------------+---------------------------------------------+
; Analysis & Synthesis Status        ; Successful - Mon Mar 15 18:09:00 2021       ;
; Quartus Prime Version              ; 20.1.1 Build 720 11/11/2020 SJ Lite Edition ;
; Revision Name                      ; Projeto1                                    ;
; Top-level Entity Name              ; testecont                                   ;
; Family                             ; Cyclone IV E                                ;
; Total logic elements               ; 230                                         ;
;     Total combinational functions  ; 230                                         ;
;     Dedicated logic registers      ; 81                                          ;
; Total registers                    ; 81                                          ;
; Total pins                         ; 18                                          ;
; Total virtual pins                 ; 0                                           ;
; Total memory bits                  ; 0                                           ;
; Embedded Multiplier 9-bit elements ; 0                                           ;
; Total PLLs                         ; 0                                           ;
+------------------------------------+---------------------------------------------+


+------------------------------------------------------------------------------------------------------------+
; Analysis & Synthesis Settings                                                                              ;
+------------------------------------------------------------------+--------------------+--------------------+
; Option                                                           ; Setting            ; Default Value      ;
+------------------------------------------------------------------+--------------------+--------------------+
; Device                                                           ; EP4CE6E22C8        ;                    ;
; Top-level entity name                                            ; testecont          ; Projeto1           ;
; Family name                                                      ; Cyclone IV E       ; Cyclone V          ;
; Use smart compilation                                            ; Off                ; Off                ;
; Enable parallel Assembler and Timing Analyzer during compilation ; On                 ; On                 ;
; Enable compact report table                                      ; Off                ; Off                ;
; Restructure Multiplexers                                         ; Auto               ; Auto               ;
; Create Debugging Nodes for IP Cores                              ; Off                ; Off                ;
; Preserve fewer node names                                        ; On                 ; On                 ;
; Intel FPGA IP Evaluation Mode                                    ; Enable             ; Enable             ;
; Verilog Version                                                  ; Verilog_2001       ; Verilog_2001       ;
; VHDL Version                                                     ; VHDL_1993          ; VHDL_1993          ;
; State Machine Processing                                         ; Auto               ; Auto               ;
; Safe State Machine                                               ; Off                ; Off                ;
; Extract Verilog State Machines                                   ; On                 ; On                 ;
; Extract VHDL State Machines                                      ; On                 ; On                 ;
; Ignore Verilog initial constructs                                ; Off                ; Off                ;
; Iteration limit for constant Verilog loops                       ; 5000               ; 5000               ;
; Iteration limit for non-constant Verilog loops                   ; 250                ; 250                ;
; Add Pass-Through Logic to Inferred RAMs                          ; On                 ; On                 ;
; Infer RAMs from Raw Logic                                        ; On                 ; On                 ;
; Parallel Synthesis                                               ; On                 ; On                 ;
; DSP Block Balancing                                              ; Auto               ; Auto               ;
; NOT Gate Push-Back                                               ; On                 ; On                 ;
; Power-Up Don't Care                                              ; On                 ; On                 ;
; Remove Redundant Logic Cells                                     ; Off                ; Off                ;
; Remove Duplicate Registers                                       ; On                 ; On                 ;
; Ignore CARRY Buffers                                             ; Off                ; Off                ;
; Ignore CASCADE Buffers                                           ; Off                ; Off                ;
; Ignore GLOBAL Buffers                                            ; Off                ; Off                ;
; Ignore ROW GLOBAL Buffers                                        ; Off                ; Off                ;
; Ignore LCELL Buffers                                             ; Off                ; Off                ;
; Ignore SOFT Buffers                                              ; On                 ; On                 ;
; Limit AHDL Integers to 32 Bits                                   ; Off                ; Off                ;
; Optimization Technique                                           ; Balanced           ; Balanced           ;
; Carry Chain Length                                               ; 70                 ; 70                 ;
; Auto Carry Chains                                                ; On                 ; On                 ;
; Auto Open-Drain Pins                                             ; On                 ; On                 ;
; Perform WYSIWYG Primitive Resynthesis                            ; Off                ; Off                ;
; Auto ROM Replacement                                             ; On                 ; On                 ;
; Auto RAM Replacement                                             ; On                 ; On                 ;
; Auto DSP Block Replacement                                       ; On                 ; On                 ;
; Auto Shift Register Replacement                                  ; Auto               ; Auto               ;
; Allow Shift Register Merging across Hierarchies                  ; Auto               ; Auto               ;
; Auto Clock Enable Replacement                                    ; On                 ; On                 ;
; Strict RAM Replacement                                           ; Off                ; Off                ;
; Allow Synchronous Control Signals                                ; On                 ; On                 ;
; Force Use of Synchronous Clear Signals                           ; Off                ; Off                ;
; Auto RAM Block Balancing                                         ; On                 ; On                 ;
; Auto RAM to Logic Cell Conversion                                ; Off                ; Off                ;
; Auto Resource Sharing                                            ; Off                ; Off                ;
; Allow Any RAM Size For Recognition                               ; Off                ; Off                ;
; Allow Any ROM Size For Recognition                               ; Off                ; Off                ;
; Allow Any Shift Register Size For Recognition                    ; Off                ; Off                ;
; Use LogicLock Constraints during Resource Balancing              ; On                 ; On                 ;
; Ignore translate_off and synthesis_off directives                ; Off                ; Off                ;
; Timing-Driven Synthesis                                          ; On                 ; On                 ;
; Report Parameter Settings                                        ; On                 ; On                 ;
; Report Source Assignments                                        ; On                 ; On                 ;
; Report Connectivity Checks                                       ; On                 ; On                 ;
; Ignore Maximum Fan-Out Assignments                               ; Off                ; Off                ;
; Synchronization Register Chain Length                            ; 2                  ; 2                  ;
; Power Optimization During Synthesis                              ; Normal compilation ; Normal compilation ;
; HDL message level                                                ; Level2             ; Level2             ;
; Suppress Register Optimization Related Messages                  ; Off                ; Off                ;
; Number of Removed Registers Reported in Synthesis Report         ; 5000               ; 5000               ;
; Number of Swept Nodes Reported in Synthesis Report               ; 5000               ; 5000               ;
; Number of Inverted Registers Reported in Synthesis Report        ; 100                ; 100                ;
; Clock MUX Protection                                             ; On                 ; On                 ;
; Auto Gated Clock Conversion                                      ; Off                ; Off                ;
; Block Design Naming                                              ; Auto               ; Auto               ;
; SDC constraint protection                                        ; Off                ; Off                ;
; Synthesis Effort                                                 ; Auto               ; Auto               ;
; Shift Register Replacement - Allow Asynchronous Clear Signal     ; On                 ; On                 ;
; Pre-Mapping Resynthesis Optimization                             ; Off                ; Off                ;
; Analysis & Synthesis Message Level                               ; Medium             ; Medium             ;
; Disable Register Merging Across Hierarchies                      ; Auto               ; Auto               ;
; Resource Aware Inference For Block RAM                           ; On                 ; On                 ;
+------------------------------------------------------------------+--------------------+--------------------+


+------------------------------------------+
; Parallel Compilation                     ;
+----------------------------+-------------+
; Processors                 ; Number      ;
+----------------------------+-------------+
; Number detected on machine ; 4           ;
; Maximum allowed            ; 4           ;
;                            ;             ;
; Average used               ; 1.00        ;
; Maximum used               ; 4           ;
;                            ;             ;
; Usage by Processor         ; % Time Used ;
;     Processor 1            ; 100.0%      ;
;     Processor 2            ;   0.2%      ;
;     Processors 3-4         ;   0.1%      ;
+----------------------------+-------------+


+------------------------------------------------------------------------------------------------------------------------------------------------------+
; Analysis & Synthesis Source Files Read                                                                                                               ;
+----------------------------------+-----------------+------------------------------------+--------------------------------------------------+---------+
; File Name with User-Entered Path ; Used in Netlist ; File Type                          ; File Name with Absolute Path                     ; Library ;
+----------------------------------+-----------------+------------------------------------+--------------------------------------------------+---------+
; display.tdf                      ; yes             ; User AHDL File                     ; D:/Estudo/Eletrônica Digital/P1/display.tdf      ;         ;
; divisor.tdf                      ; yes             ; User AHDL File                     ; D:/Estudo/Eletrônica Digital/P1/divisor.tdf      ;         ;
; seletor.tdf                      ; yes             ; User AHDL File                     ; D:/Estudo/Eletrônica Digital/P1/seletor.tdf      ;         ;
; testecont.bdf                    ; yes             ; User Block Diagram/Schematic File  ; D:/Estudo/Eletrônica Digital/P1/testecont.bdf    ;         ;
; parametrosfm.tdf                 ; yes             ; User AHDL File                     ; D:/Estudo/Eletrônica Digital/P1/parametrosfm.tdf ;         ;
; contunifm.tdf                    ; yes             ; User AHDL File                     ; D:/Estudo/Eletrônica Digital/P1/contunifm.tdf    ;         ;
; contdezfm.tdf                    ; yes             ; User AHDL File                     ; D:/Estudo/Eletrônica Digital/P1/contdezfm.tdf    ;         ;
; contcemfm.tdf                    ; yes             ; User AHDL File                     ; D:/Estudo/Eletrônica Digital/P1/contcemfm.tdf    ;         ;
; contmilfm.tdf                    ; yes             ; User AHDL File                     ; D:/Estudo/Eletrônica Digital/P1/contmilfm.tdf    ;         ;
+----------------------------------+-----------------+------------------------------------+--------------------------------------------------+---------+


+-----------------------------------------------------------------+
; Analysis & Synthesis Resource Usage Summary                     ;
+---------------------------------------------+-------------------+
; Resource                                    ; Usage             ;
+---------------------------------------------+-------------------+
; Estimated Total logic elements              ; 230               ;
;                                             ;                   ;
; Total combinational functions               ; 230               ;
; Logic element usage by number of LUT inputs ;                   ;
;     -- 4 input functions                    ; 113               ;
;     -- 3 input functions                    ; 36                ;
;     -- <=2 input functions                  ; 81                ;
;                                             ;                   ;
; Logic elements by mode                      ;                   ;
;     -- normal mode                          ; 184               ;
;     -- arithmetic mode                      ; 46                ;
;                                             ;                   ;
; Total registers                             ; 81                ;
;     -- Dedicated logic registers            ; 81                ;
;     -- I/O registers                        ; 0                 ;
;                                             ;                   ;
; I/O pins                                    ; 18                ;
;                                             ;                   ;
; Embedded Multiplier 9-bit elements          ; 0                 ;
;                                             ;                   ;
; Maximum fan-out node                        ; Clock_Placa~input ;
; Maximum fan-out                             ; 53                ;
; Total fan-out                               ; 951               ;
; Average fan-out                             ; 2.74              ;
+---------------------------------------------+-------------------+


+----------------------------------------------------------------------------------------------------------------------------------------------------------------------------------------------------------------------+
; Analysis & Synthesis Resource Utilization by Entity                                                                                                                                                                  ;
+----------------------------+---------------------+---------------------------+-------------+--------------+---------+-----------+------+--------------+--------------------------------+--------------+--------------+
; Compilation Hierarchy Node ; Combinational ALUTs ; Dedicated Logic Registers ; Memory Bits ; DSP Elements ; DSP 9x9 ; DSP 18x18 ; Pins ; Virtual Pins ; Full Hierarchy Name            ; Entity Name  ; Library Name ;
+----------------------------+---------------------+---------------------------+-------------+--------------+---------+-----------+------+--------------+--------------------------------+--------------+--------------+
; |testecont                 ; 230 (0)             ; 81 (0)                    ; 0           ; 0            ; 0       ; 0         ; 18   ; 0            ; |testecont                     ; testecont    ; work         ;
;    |contcemfm:inst19|      ; 30 (30)             ; 6 (6)                     ; 0           ; 0            ; 0       ; 0         ; 0    ; 0            ; |testecont|contcemfm:inst19    ; contcemfm    ; work         ;
;    |contdezfm:inst18|      ; 29 (29)             ; 6 (6)                     ; 0           ; 0            ; 0       ; 0         ; 0    ; 0            ; |testecont|contdezfm:inst18    ; contdezfm    ; work         ;
;    |contmilfm:inst20|      ; 26 (26)             ; 6 (6)                     ; 0           ; 0            ; 0       ; 0         ; 0    ; 0            ; |testecont|contmilfm:inst20    ; contmilfm    ; work         ;
;    |contunifm:inst|        ; 28 (28)             ; 6 (6)                     ; 0           ; 0            ; 0       ; 0         ; 0    ; 0            ; |testecont|contunifm:inst      ; contunifm    ; work         ;
;    |display:inst6|         ; 72 (72)             ; 27 (27)                   ; 0           ; 0            ; 0       ; 0         ; 0    ; 0            ; |testecont|display:inst6       ; display      ; work         ;
;    |divisor:inst4|         ; 34 (34)             ; 26 (26)                   ; 0           ; 0            ; 0       ; 0         ; 0    ; 0            ; |testecont|divisor:inst4       ; divisor      ; work         ;
;    |parametrosfm:inst17|   ; 5 (5)               ; 0 (0)                     ; 0           ; 0            ; 0       ; 0         ; 0    ; 0            ; |testecont|parametrosfm:inst17 ; parametrosfm ; work         ;
;    |seletor:inst5|         ; 6 (6)               ; 4 (4)                     ; 0           ; 0            ; 0       ; 0         ; 0    ; 0            ; |testecont|seletor:inst5       ; seletor      ; work         ;
+----------------------------+---------------------+---------------------------+-------------+--------------+---------+-----------+------+--------------+--------------------------------+--------------+--------------+
Note: For table entries with two numbers listed, the numbers in parentheses indicate the number of resources of the given type used by the specific entity alone. The numbers listed outside of parentheses indicate the total resources of the given type used by the specific entity and all of its sub-entities in the hierarchy.


+------------------------------------------------------------+
; Logic Cells Representing Combinational Loops               ;
+--------------------------------------------------------+---+
; Logic Cell Name                                        ;   ;
+--------------------------------------------------------+---+
; parametrosfm:inst17|inferior~1                         ;   ;
; Number of logic cells representing combinational loops ; 1 ;
+--------------------------------------------------------+---+
Note: All cells listed above may not be present at the end of synthesis due to various synthesis optimizations.


+------------------------------------------------------+
; General Register Statistics                          ;
+----------------------------------------------+-------+
; Statistic                                    ; Value ;
+----------------------------------------------+-------+
; Total registers                              ; 81    ;
; Number of registers using Synchronous Clear  ; 48    ;
; Number of registers using Synchronous Load   ; 0     ;
; Number of registers using Asynchronous Clear ; 0     ;
; Number of registers using Asynchronous Load  ; 0     ;
; Number of registers using Clock Enable       ; 0     ;
; Number of registers using Preset             ; 0     ;
+----------------------------------------------+-------+


+-----------------------------------------------------+
; Post-Synthesis Netlist Statistics for Top Partition ;
+-----------------------+-----------------------------+
; Type                  ; Count                       ;
+-----------------------+-----------------------------+
; boundary_port         ; 18                          ;
; cycloneiii_ff         ; 81                          ;
;     SCLR              ; 48                          ;
;     plain             ; 33                          ;
; cycloneiii_lcell_comb ; 232                         ;
;     arith             ; 46                          ;
;         2 data inputs ; 44                          ;
;         3 data inputs ; 2                           ;
;     normal            ; 186                         ;
;         1 data inputs ; 14                          ;
;         2 data inputs ; 25                          ;
;         3 data inputs ; 34                          ;
;         4 data inputs ; 113                         ;
;                       ;                             ;
; Max LUT depth         ; 11.00                       ;
; Average LUT depth     ; 5.79                        ;
+-----------------------+-----------------------------+


+-------------------------------+
; Elapsed Time Per Partition    ;
+----------------+--------------+
; Partition Name ; Elapsed Time ;
+----------------+--------------+
; Top            ; 00:00:01     ;
+----------------+--------------+


+-------------------------------+
; Analysis & Synthesis Messages ;
+-------------------------------+
Info: *******************************************************************
Info: Running Quartus Prime Analysis & Synthesis
    Info: Version 20.1.1 Build 720 11/11/2020 SJ Lite Edition
    Info: Processing started: Mon Mar 15 18:08:49 2021
Info: Command: quartus_map --read_settings_files=on --write_settings_files=off Projeto1 -c Projeto1
Warning (18236): Number of processors has not been specified which may cause overloading on shared machines.  Set the global assignment NUM_PARALLEL_PROCESSORS in your QSF to an appropriate value for best performance.
Info (20030): Parallel compilation is enabled and will use 4 of the 4 processors detected
Warning (287002): Group MSB out7 overrides BIT0 = LSB in actual or default Options Statement File: D:/Estudo/Eletrônica Digital/P1/display.tdf Line: 6
Info (12021): Found 1 design units, including 1 entities, in source file display.tdf
    Info (12023): Found entity 1: display File: D:/Estudo/Eletrônica Digital/P1/display.tdf Line: 1
Info (12021): Found 1 design units, including 1 entities, in source file divisor.tdf
    Info (12023): Found entity 1: divisor File: D:/Estudo/Eletrônica Digital/P1/divisor.tdf Line: 1
Info (12021): Found 1 design units, including 1 entities, in source file seletor.tdf
    Info (12023): Found entity 1: seletor File: D:/Estudo/Eletrônica Digital/P1/seletor.tdf Line: 1
Info (12021): Found 1 design units, including 1 entities, in source file muxamfm.tdf
    Info (12023): Found entity 1: MUXamfm File: D:/Estudo/Eletrônica Digital/P1/MUXamfm.tdf Line: 1
Info (12021): Found 1 design units, including 1 entities, in source file blocoproj.bdf
    Info (12023): Found entity 1: blocoproj
Info (12021): Found 1 design units, including 1 entities, in source file testedisplay.bdf
    Info (12023): Found entity 1: testedisplay
Info (12021): Found 1 design units, including 1 entities, in source file divisormeio.tdf
    Info (12023): Found entity 1: divisormeio File: D:/Estudo/Eletrônica Digital/P1/divisormeio.tdf Line: 1
Info (12021): Found 1 design units, including 1 entities, in source file cont.tdf
    Info (12023): Found entity 1: cont File: D:/Estudo/Eletrônica Digital/P1/cont.tdf Line: 1
Info (12021): Found 1 design units, including 1 entities, in source file testecont.bdf
    Info (12023): Found entity 1: testecont
Info (12021): Found 1 design units, including 1 entities, in source file parametrosfm.tdf
    Info (12023): Found entity 1: parametrosfm File: D:/Estudo/Eletrônica Digital/P1/parametrosfm.tdf Line: 1
Info (12021): Found 1 design units, including 1 entities, in source file contfm.tdf
    Info (12023): Found entity 1: contfm File: D:/Estudo/Eletrônica Digital/P1/contfm.tdf Line: 1
Info (12021): Found 1 design units, including 1 entities, in source file contunifm.tdf
    Info (12023): Found entity 1: contunifm File: D:/Estudo/Eletrônica Digital/P1/contunifm.tdf Line: 1
Info (12021): Found 1 design units, including 1 entities, in source file contdezfm.tdf
    Info (12023): Found entity 1: contdezfm File: D:/Estudo/Eletrônica Digital/P1/contdezfm.tdf Line: 1
Info (12021): Found 1 design units, including 1 entities, in source file contcemfm.tdf
    Info (12023): Found entity 1: contcemfm File: D:/Estudo/Eletrônica Digital/P1/contcemfm.tdf Line: 1
Info (12021): Found 1 design units, including 1 entities, in source file contmilfm.tdf
    Info (12023): Found entity 1: contmilfm File: D:/Estudo/Eletrônica Digital/P1/contmilfm.tdf Line: 1
Info (12127): Elaborating entity "testecont" for the top level hierarchy
Info (12128): Elaborating entity "parametrosfm" for hierarchy "parametrosfm:inst17"
Info (12128): Elaborating entity "seletor" for hierarchy "seletor:inst5"
Info (12128): Elaborating entity "divisor" for hierarchy "divisor:inst4"
Info (12128): Elaborating entity "contunifm" for hierarchy "contunifm:inst"
Info (12128): Elaborating entity "contdezfm" for hierarchy "contdezfm:inst18"
Info (12128): Elaborating entity "contcemfm" for hierarchy "contcemfm:inst19"
Info (12128): Elaborating entity "contmilfm" for hierarchy "contmilfm:inst20"
Info (12128): Elaborating entity "display" for hierarchy "display:inst6"
Warning (287013): Variable or input pin "seletor" is defined but never used. File: D:/Estudo/Eletrônica Digital/P1/display.tdf Line: 4
Warning (19016): Clock multiplexers are found and protected
    Warning (19017): Found clock multiplexer contdezfm:inst18|v1[3]~4 File: D:/Estudo/Eletrônica Digital/P1/contdezfm.tdf Line: 10
    Warning (19017): Found clock multiplexer contcemfm:inst19|v1[3]~4 File: D:/Estudo/Eletrônica Digital/P1/contcemfm.tdf Line: 10
    Warning (19017): Found clock multiplexer contmilfm:inst20|v1[3]~4 File: D:/Estudo/Eletrônica Digital/P1/contmilfm.tdf Line: 10
Info (286030): Timing-Driven Synthesis is running
Info (16010): Generating hard_block partition "hard_block:auto_generated_inst"
    Info (16011): Adding 0 node(s), including 0 DDIO, 0 PLL, 0 transceiver and 0 LCELL
Info (21057): Implemented 248 device resources after synthesis - the final resource count might be different
    Info (21058): Implemented 5 input pins
    Info (21059): Implemented 13 output pins
    Info (21061): Implemented 230 logic cells
Info: Quartus Prime Analysis & Synthesis was successful. 0 errors, 7 warnings
    Info: Peak virtual memory: 4767 megabytes
    Info: Processing ended: Mon Mar 15 18:09:01 2021
    Info: Elapsed time: 00:00:12
    Info: Total CPU time (on all processors): 00:00:21


