------------------------------------------------------------
Timing Analyzer Summary
------------------------------------------------------------

Type  : Slow 1200mV 85C Model Setup 'divisor:inst4|fft'
Slack : -7.946
TNS   : -37.181

Type  : Slow 1200mV 85C Model Setup 'button4'
Slack : -5.673
TNS   : -75.792

Type  : Slow 1200mV 85C Model Setup 'button3'
Slack : -5.449
TNS   : -72.668

Type  : Slow 1200mV 85C Model Setup 'Clock_Placa'
Slack : -4.493
TNS   : -175.006

Type  : Slow 1200mV 85C Model Hold 'button3'
Slack : -3.043
TNS   : -3.861

Type  : Slow 1200mV 85C Model Hold 'button4'
Slack : -2.898
TNS   : -3.103

Type  : Slow 1200mV 85C Model Hold 'Clock_Placa'
Slack : 0.434
TNS   : 0.000

Type  : Slow 1200mV 85C Model Hold 'divisor:inst4|fft'
Slack : 0.485
TNS   : 0.000

Type  : Slow 1200mV 85C Model Minimum Pulse Width 'Clock_Placa'
Slack : -3.000
TNS   : -81.811

Type  : Slow 1200mV 85C Model Minimum Pulse Width 'button3'
Slack : -3.000
TNS   : -39.426

Type  : Slow 1200mV 85C Model Minimum Pulse Width 'button4'
Slack : -3.000
TNS   : -32.952

Type  : Slow 1200mV 85C Model Minimum Pulse Width 'divisor:inst4|fft'
Slack : -1.487
TNS   : -8.922

Type  : Slow 1200mV 0C Model Setup 'divisor:inst4|fft'
Slack : -7.392
TNS   : -34.855

Type  : Slow 1200mV 0C Model Setup 'button4'
Slack : -5.360
TNS   : -71.833

Type  : Slow 1200mV 0C Model Setup 'button3'
Slack : -5.170
TNS   : -69.185

Type  : Slow 1200mV 0C Model Setup 'Clock_Placa'
Slack : -4.176
TNS   : -159.123

Type  : Slow 1200mV 0C Model Hold 'button3'
Slack : -2.863
TNS   : -3.879

Type  : Slow 1200mV 0C Model Hold 'button4'
Slack : -2.735
TNS   : -3.096

Type  : Slow 1200mV 0C Model Hold 'Clock_Placa'
Slack : 0.383
TNS   : 0.000

Type  : Slow 1200mV 0C Model Hold 'divisor:inst4|fft'
Slack : 0.430
TNS   : 0.000

Type  : Slow 1200mV 0C Model Minimum Pulse Width 'Clock_Placa'
Slack : -3.000
TNS   : -81.811

Type  : Slow 1200mV 0C Model Minimum Pulse Width 'button3'
Slack : -3.000
TNS   : -38.253

Type  : Slow 1200mV 0C Model Minimum Pulse Width 'button4'
Slack : -3.000
TNS   : -31.766

Type  : Slow 1200mV 0C Model Minimum Pulse Width 'divisor:inst4|fft'
Slack : -1.487
TNS   : -8.922

Type  : Fast 1200mV 0C Model Setup 'divisor:inst4|fft'
Slack : -3.232
TNS   : -15.885

Type  : Fast 1200mV 0C Model Setup 'button4'
Slack : -2.344
TNS   : -32.809

Type  : Fast 1200mV 0C Model Setup 'button3'
Slack : -2.282
TNS   : -31.817

Type  : Fast 1200mV 0C Model Setup 'Clock_Placa'
Slack : -1.381
TNS   : -44.536

Type  : Fast 1200mV 0C Model Hold 'button3'
Slack : -1.346
TNS   : -1.576

Type  : Fast 1200mV 0C Model Hold 'button4'
Slack : -1.294
TNS   : -1.356

Type  : Fast 1200mV 0C Model Hold 'Clock_Placa'
Slack : 0.179
TNS   : 0.000

Type  : Fast 1200mV 0C Model Hold 'divisor:inst4|fft'
Slack : 0.201
TNS   : 0.000

Type  : Fast 1200mV 0C Model Minimum Pulse Width 'Clock_Placa'
Slack : -3.000
TNS   : -59.393

Type  : Fast 1200mV 0C Model Minimum Pulse Width 'button3'
Slack : -3.000
TNS   : -30.963

Type  : Fast 1200mV 0C Model Minimum Pulse Width 'button4'
Slack : -3.000
TNS   : -26.087

Type  : Fast 1200mV 0C Model Minimum Pulse Width 'divisor:inst4|fft'
Slack : -1.000
TNS   : -6.000

------------------------------------------------------------
